GOOD: C (invalid handle)
GOOD: G (invalid handle)
GOOD: L (invalid handle)
GOOD: P (invalid handle)
GOOD: R (invalid handle)
GOOD: S (invalid handle)
GOOD: W (invalid handle)
GOOD: G (write only)
GOOD: R (write only)
GOOD: S (1)
GOOD: G (read only)
GOOD: R (negative count)
GOOD: P (read only)
GOOD: W (read only)
GOOD: D (1)
GOOD: D (nosuch file)
